// Jest Snapshot v1, https://goo.gl/fbAQLP

exports[`about renders 1`] = `
<Fragment>
  <Navbar>
    <ul
      className="navbar-nav"
    >
      <li
        className="nav-item"
      >
        <Link
          className="nav-link"
          to="/"
        >
          <ChevronLeftIcon
            className="octicon-nav"
            size={14}
            verticalAlign="text-bottom"
          />
          Back
        </Link>
      </li>
    </ul>
  </Navbar>
  <Content>
    <h1
      className="d-flex align-items-center h3 mb-3"
    >
      <img
        alt=""
        className="logo mr-1"
        src="icon-32.png"
      />
       
      Tickety-Tick
    </h1>
    <h6>
      Usage:
    </h6>
    <ol
      className="pl-3"
    >
      <li>
        Open a ticket in your favourite issue tracking system.
      </li>
      <li>
        Click the extension icon.
      </li>
      <li>
        Use the buttons to create a commit message, branch name or CLI command.
      </li>
    </ol>
    <p>
      This extension is open-source software by the fellows at
       
      <ExternalLink
        href="http://bitcrowd.net"
      >
        bitcrowd
      </ExternalLink>
      .
    </p>
    <p>
      The source code is available on
       
      <ExternalLink
        href="https://github.com/bitcrowd/tickety-tick"
      >
        GitHub
      </ExternalLink>
      .
    </p>
    <p
      className="small"
    >
      <ExternalLink
        href="https://github.com/bitcrowd/tickety-tick/tree/test-commit-hash"
        title="Browse source code for this version"
      >
        test-commit-hash
      </ExternalLink>
    </p>
    <p
      className="small mb-0"
    >
      <span>
        Logo by 
      </span>
      <ExternalLink
        href="http://thenounproject.com/term/ticket/92194/"
      >
        Ramón G.
      </ExternalLink>
      <span>
         under CC-BY 3.0
      </span>
      <br />
      <span>
        Other icons from 
      </span>
      <ExternalLink
        href="https://octicons.github.com/"
      >
        GitHub Octicons
      </ExternalLink>
    </p>
  </Content>
</Fragment>
`;
