// Jest Snapshot v1, https://goo.gl/fbAQLP

exports[`about renders 1`] = `
<DocumentFragment>
  <div
    class="navbar navbar-expand navbar-light bg-light border-bottom"
  >
    <div
      class="container-fluid"
    >
      <ul
        class="navbar-nav"
      >
        <li
          class="nav-item"
        >
          <a
            class="nav-link ps-0"
            href="/"
          >
            <svg
              aria-hidden="true"
              class="octicon-nav"
              fill="currentColor"
              focusable="false"
              height="14"
              style="display: inline-block; user-select: none; vertical-align: text-bottom; overflow: visible;"
              viewBox="0 0 12 12"
              width="14"
            >
              <path
                d="M3.587 6.025c0 .2.1.4.2.5l3.3 3.3c.3.3.8.3 1.1 0 .3-.3.3-.8 0-1.1l-2.7-2.7 2.7-2.7c.3-.3.3-.8 0-1.1-.3-.3-.8-.3-1.1 0l-3.2 3.2c-.2.2-.3.4-.3.6Z"
              />
            </svg>
            Back
          </a>
        </li>
      </ul>
    </div>
  </div>
  <div
    class="container-fluid py-3"
  >
    <h1
      class="d-flex align-items-center h3 mb-3"
    >
      <svg
        class="logo me-1"
      >
        icon.svg
      </svg>
       Tickety-Tick
    </h1>
    <h6>
      Usage:
    </h6>
    <ol
      class="ps-3"
    >
      <li>
        Open a ticket in your favourite issue tracking system.
      </li>
      <li>
        Click the extension icon.
      </li>
      <li>
        Use the buttons to create a commit message, branch name or CLI command.
      </li>
    </ol>
    <p>
      This extension is open-source software by the fellows at 
      <a
        href="http://bitcrowd.net"
        rel="noopener noreferrer"
        target="_blank"
      >
        bitcrowd
      </a>
      .
    </p>
    <p>
      The source code is available on 
      <a
        href="https://github.com/bitcrowd/tickety-tick"
        rel="noopener noreferrer"
        target="_blank"
      >
        GitHub
      </a>
      .
    </p>
    <p
      class="small"
    >
      <a
        href="https://github.com/bitcrowd/tickety-tick/tree/test-commit-hash"
        rel="noopener noreferrer"
        target="_blank"
        title="Browse source code for this version"
      >
        test-commit-hash
      </a>
    </p>
    <p
      class="small mb-0"
    >
      <span>
        Logo by 
      </span>
      <a
        href="http://thenounproject.com/term/ticket/92194/"
        rel="noopener noreferrer"
        target="_blank"
      >
        Ramón G.
      </a>
      <span>
         under CC-BY 3.0
      </span>
      <br />
      <span>
        Other icons from 
      </span>
      <a
        href="https://octicons.github.com/"
        rel="noopener noreferrer"
        target="_blank"
      >
        GitHub Octicons
      </a>
    </p>
  </div>
</DocumentFragment>
`;
