// Jest Snapshot v1, https://goo.gl/fbAQLP

exports[`error-details renders a button to copy the error details 1`] = `
"Tickety-Tick revision: test-commit-hash

\`\`\`
TestError: Boom!
@test it code:21:3
@test anonymous code:22:19
\`\`\`"
`;
